exports[`Compare Container should match the snapshot 1`] = `
ShallowWrapper {
  "length": 1,
  Symbol(enzyme.__root__): [Circular],
  Symbol(enzyme.__unrendered__): <CompareContainer
    compareData={[Function]}
    handleCompareClick={[Function]}
    selectedCards={[Function]} />,
  Symbol(enzyme.__renderer__): Object {
    "batchedUpdates": [Function],
    "getNode": [Function],
    "render": [Function],
    "simulateEvent": [Function],
    "unmount": [Function],
  },
  Symbol(enzyme.__node__): Object {
    "instance": null,
    "key": null,
    "nodeType": "host",
    "props": Object {
      "children": Array [
        <div
          className="compare-container">
          <Card
                    dataNode={undefined}
                    handleClick={[Function]}
                    location={undefined}
                    numberOfSelected={undefined}
                    schoolsSelected={undefined} />
          <Card
                    dataNode={undefined}
                    handleClick={[Function]}
                    location={undefined}
                    numberOfSelected={undefined}
                    schoolsSelected={undefined} />
</div>,
        <div>
          <ComparedCard
                    compareData={[Function]}
                    schoolsSelected={undefined}
                    selectedCards={[Function]} />
</div>,
      ],
    },
    "ref": null,
    "rendered": Array [
      Object {
        "instance": null,
        "key": null,
        "nodeType": "host",
        "props": Object {
          "children": Array [
            <Card
              dataNode={undefined}
              handleClick={[Function]}
              location={undefined}
              numberOfSelected={undefined}
              schoolsSelected={undefined} />,
            <Card
              dataNode={undefined}
              handleClick={[Function]}
              location={undefined}
              numberOfSelected={undefined}
              schoolsSelected={undefined} />,
          ],
          "className": "compare-container",
        },
        "ref": null,
        "rendered": Array [
          Object {
            "instance": null,
            "key": "0",
            "nodeType": "class",
            "props": Object {
              "dataNode": undefined,
              "handleClick": [Function],
              "location": undefined,
              "numberOfSelected": undefined,
              "schoolsSelected": undefined,
            },
            "ref": null,
            "rendered": null,
            "type": [Function],
          },
          Object {
            "instance": null,
            "key": "1",
            "nodeType": "class",
            "props": Object {
              "dataNode": undefined,
              "handleClick": [Function],
              "location": undefined,
              "numberOfSelected": undefined,
              "schoolsSelected": undefined,
            },
            "ref": null,
            "rendered": null,
            "type": [Function],
          },
        ],
        "type": "div",
      },
      Object {
        "instance": null,
        "key": null,
        "nodeType": "host",
        "props": Object {
          "children": <ComparedCard
            compareData={[Function]}
            schoolsSelected={undefined}
            selectedCards={[Function]} />,
        },
        "ref": null,
        "rendered": Object {
          "instance": null,
          "key": null,
          "nodeType": "function",
          "props": Object {
            "compareData": [Function],
            "schoolsSelected": undefined,
            "selectedCards": [Function],
          },
          "ref": null,
          "rendered": null,
          "type": [Function],
        },
        "type": "div",
      },
    ],
    "type": "div",
  },
  Symbol(enzyme.__nodes__): Array [
    Object {
      "instance": null,
      "key": null,
      "nodeType": "host",
      "props": Object {
        "children": Array [
          <div
            className="compare-container">
            <Card
                        dataNode={undefined}
                        handleClick={[Function]}
                        location={undefined}
                        numberOfSelected={undefined}
                        schoolsSelected={undefined} />
            <Card
                        dataNode={undefined}
                        handleClick={[Function]}
                        location={undefined}
                        numberOfSelected={undefined}
                        schoolsSelected={undefined} />
</div>,
          <div>
            <ComparedCard
                        compareData={[Function]}
                        schoolsSelected={undefined}
                        selectedCards={[Function]} />
</div>,
        ],
      },
      "ref": null,
      "rendered": Array [
        Object {
          "instance": null,
          "key": null,
          "nodeType": "host",
          "props": Object {
            "children": Array [
              <Card
                dataNode={undefined}
                handleClick={[Function]}
                location={undefined}
                numberOfSelected={undefined}
                schoolsSelected={undefined} />,
              <Card
                dataNode={undefined}
                handleClick={[Function]}
                location={undefined}
                numberOfSelected={undefined}
                schoolsSelected={undefined} />,
            ],
            "className": "compare-container",
          },
          "ref": null,
          "rendered": Array [
            Object {
              "instance": null,
              "key": "0",
              "nodeType": "class",
              "props": Object {
                "dataNode": undefined,
                "handleClick": [Function],
                "location": undefined,
                "numberOfSelected": undefined,
                "schoolsSelected": undefined,
              },
              "ref": null,
              "rendered": null,
              "type": [Function],
            },
            Object {
              "instance": null,
              "key": "1",
              "nodeType": "class",
              "props": Object {
                "dataNode": undefined,
                "handleClick": [Function],
                "location": undefined,
                "numberOfSelected": undefined,
                "schoolsSelected": undefined,
              },
              "ref": null,
              "rendered": null,
              "type": [Function],
            },
          ],
          "type": "div",
        },
        Object {
          "instance": null,
          "key": null,
          "nodeType": "host",
          "props": Object {
            "children": <ComparedCard
              compareData={[Function]}
              schoolsSelected={undefined}
              selectedCards={[Function]} />,
          },
          "ref": null,
          "rendered": Object {
            "instance": null,
            "key": null,
            "nodeType": "function",
            "props": Object {
              "compareData": [Function],
              "schoolsSelected": undefined,
              "selectedCards": [Function],
            },
            "ref": null,
            "rendered": null,
            "type": [Function],
          },
          "type": "div",
        },
      ],
      "type": "div",
    },
  ],
  Symbol(enzyme.__options__): Object {
    "adapter": ReactFifteenAdapter {
      "options": Object {
        "supportPrevContextArgumentOfComponentDidUpdate": true,
      },
    },
  },
}
`;
